               Language
0     Python Gudio 1991
1     Java Gosling 1990
2                  None
3  Pandas Mckinney 2008
0       PYTHON GUDIO 1991
1       JAVA GOSLING 1990
2                    None
3    PANDAS MCKINNEY 2008
Name: Language, dtype: object
0       python gudio 1991
1       java gosling 1990
2                    None
3    pandas mckinney 2008
Name: Language, dtype: object
0    17.0
1    17.0
2     NaN
3    20.0
Name: Language, dtype: float64
0     True
1    False
2     None
3     True
Name: Language, dtype: object
0    False
1     True
2     None
3    False
Name: Language, dtype: object
0    False
1    False
2     None
3     True
Name: Language, dtype: object
0   -1.0
1    1.0
2    NaN
3    1.0
Name: Language, dtype: float64
